[    0.000000] Linux version 4.15.0-135-generic (buildd@lgw01-amd64-005) (gcc version 7.5.0 (Ubuntu 7.5.0-3ubuntu1~18.04)) #139-Ubuntu SMP Mon Jan 18 17:38:24 UTC 2021 (Ubuntu 4.15.0-135.139-generic 4.15.18)
[    0.000000] Command line: BOOT_IMAGE=/boot/vmlinuz-4.15.0-135-generic root=UUID=e48d13b7-639c-4bfa-8c99-0ce40e0faa05 ro console=tty1 console=ttyS0
[    0.000000] KERNEL supported cpus:
[    0.000000]   Intel GenuineIntel
[    0.000000]   AMD AuthenticAMD
[    0.000000]   Centaur CentaurHauls
[    0.000000] x86/fpu: Supporting XSAVE feature 0x001: 'x87 floating point registers'
[    0.000000] x86/fpu: Supporting XSAVE feature 0x002: 'SSE registers'
[    0.000000] x86/fpu: Supporting XSAVE feature 0x004: 'AVX registers'
[    0.000000] x86/fpu: xstate_offset[2]:  576, xstate_sizes[2]:  256
[    0.000000] x86/fpu: Enabled xstate features 0x7, context size is 832 bytes, using 'standard' format.
[    0.000000] e820: BIOS-provided physical RAM map:
[    0.000000] BIOS-e820: [mem 0x0000000000000000-0x000000000009fbff] usable
[    0.000000] BIOS-e820: [mem 0x000000000009fc00-0x000000000009ffff] reserved
[    0.000000] BIOS-e820: [mem 0x00000000000f0000-0x00000000000fffff] reserved
[    0.000000] BIOS-e820: [mem 0x0000000000100000-0x000000005ffeffff] usable
[    0.000000] BIOS-e820: [mem 0x000000005fff0000-0x000000005fffffff] ACPI data
[    0.000000] BIOS-e820: [mem 0x00000000fec00000-0x00000000fec00fff] reserved
[    0.000000] BIOS-e820: [mem 0x00000000fee00000-0x00000000fee00fff] reserved
[    0.000000] BIOS-e820: [mem 0x00000000fffc0000-0x00000000ffffffff] reserved
[    0.000000] NX (Execute Disable) protection: active
[    0.000000] SMBIOS 2.5 present.
[    0.000000] DMI: innotek GmbH VirtualBox/VirtualBox, BIOS VirtualBox 12/01/2006
[    0.000000] Hypervisor detected: KVM
[    0.000000] e820: last_pfn = 0x5fff0 max_arch_pfn = 0x400000000
[    0.000000] MTRR: Disabled
[    0.000000] x86/PAT: MTRRs disabled, skipping PAT initialization too.
[    0.000000] CPU MTRRs all blank - virtualized system.
[    0.000000] x86/PAT: Configuration [0-7]: WB  WT  UC- UC  WB  WT  UC- UC  
[    0.000000] found SMP MP-table at [mem 0x0009fff0-0x0009ffff]
[    0.000000] Scanning 1 areas for low memory corruption
[    0.000000] RAMDISK: [mem 0x35951000-0x36c9ffff]
[    0.000000] ACPI: Early table checksum verification disabled
[    0.000000] ACPI: RSDP 0x00000000000E0000 000024 (v02 VBOX  )
[    0.000000] ACPI: XSDT 0x000000005FFF0030 00003C (v01 VBOX   VBOXXSDT 00000001 ASL  00000061)
[    0.000000] ACPI: FACP 0x000000005FFF00F0 0000F4 (v04 VBOX   VBOXFACP 00000001 ASL  00000061)
[    0.000000] ACPI: DSDT 0x000000005FFF0470 002325 (v02 VBOX   VBOXBIOS 00000002 INTL 20120111)
[    0.000000] ACPI: FACS 0x000000005FFF0200 000040
[    0.000000] ACPI: FACS 0x000000005FFF0200 000040
[    0.000000] ACPI: APIC 0x000000005FFF0240 00005C (v02 VBOX   VBOXAPIC 00000001 ASL  00000061)
[    0.000000] ACPI: SSDT 0x000000005FFF02A0 0001CC (v01 VBOX   VBOXCPUT 00000002 INTL 20120111)
[    0.000000] No NUMA configuration found
[    0.000000] Faking a node at [mem 0x0000000000000000-0x000000005ffeffff]
[    0.000000] NODE_DATA(0) allocated [mem 0x5ffc5000-0x5ffeffff]
[    0.000000] kvm-clock: cpu 0, msr 0:5ff44001, primary cpu clock
[    0.000000] kvm-clock: Using msrs 4b564d01 and 4b564d00
[    0.000000] kvm-clock: using sched offset of 4467151849 cycles
[    0.000000] clocksource: kvm-clock: mask: 0xffffffffffffffff max_cycles: 0x1cd42e4dffb, max_idle_ns: 881590591483 ns
[    0.000000] Zone ranges:
[    0.000000]   DMA      [mem 0x0000000000001000-0x0000000000ffffff]
[    0.000000]   DMA32    [mem 0x0000000001000000-0x000000005ffeffff]
[    0.000000]   Normal   empty
[    0.000000]   Device   empty
[    0.000000] Movable zone start for each node
[    0.000000] Early memory node ranges
[    0.000000]   node   0: [mem 0x0000000000001000-0x000000000009efff]
[    0.000000]   node   0: [mem 0x0000000000100000-0x000000005ffeffff]
[    0.000000] Reserved but unavailable: 98 pages
[    0.000000] Initmem setup node 0 [mem 0x0000000000001000-0x000000005ffeffff]
[    0.000000] ACPI: PM-Timer IO Port: 0x4008
[    0.000000] IOAPIC[0]: apic_id 2, version 32, address 0xfec00000, GSI 0-23
[    0.000000] ACPI: INT_SRC_OVR (bus 0 bus_irq 0 global_irq 2 dfl dfl)
[    0.000000] ACPI: INT_SRC_OVR (bus 0 bus_irq 9 global_irq 9 low level)
[    0.000000] Using ACPI (MADT) for SMP configuration information
[    0.000000] smpboot: Allowing 2 CPUs, 0 hotplug CPUs
[    0.000000] PM: Registered nosave memory: [mem 0x00000000-0x00000fff]
[    0.000000] PM: Registered nosave memory: [mem 0x0009f000-0x0009ffff]
[    0.000000] PM: Registered nosave memory: [mem 0x000a0000-0x000effff]
[    0.000000] PM: Registered nosave memory: [mem 0x000f0000-0x000fffff]
[    0.000000] e820: [mem 0x60000000-0xfebfffff] available for PCI devices
[    0.000000] Booting paravirtualized kernel on KVM
[    0.000000] clocksource: refined-jiffies: mask: 0xffffffff max_cycles: 0xffffffff, max_idle_ns: 7645519600211568 ns
[    0.000000] random: get_random_bytes called from start_kernel+0x99/0x500 with crng_init=0
[    0.000000] setup_percpu: NR_CPUS:8192 nr_cpumask_bits:2 nr_cpu_ids:2 nr_node_ids:1
[    0.000000] percpu: Embedded 45 pages/cpu s147456 r8192 d28672 u1048576
[    0.000000] PV qspinlock hash table entries: 256 (order: 0, 4096 bytes)
[    0.000000] Built 1 zonelists, mobility grouping on.  Total pages: 386937
[    0.000000] Policy zone: DMA32
[    0.000000] Kernel command line: BOOT_IMAGE=/boot/vmlinuz-4.15.0-135-generic root=UUID=e48d13b7-639c-4bfa-8c99-0ce40e0faa05 ro console=tty1 console=ttyS0
[    0.000000] Memory: 1498568K/1572408K available (12300K kernel code, 2482K rwdata, 4276K rodata, 2440K init, 2724K bss, 73840K reserved, 0K cma-reserved)
[    0.000000] SLUB: HWalign=64, Order=0-3, MinObjects=0, CPUs=2, Nodes=1
[    0.000000] Kernel/User page tables isolation: enabled
[    0.000000] ftrace: allocating 39422 entries in 154 pages
[    0.004000] Hierarchical RCU implementation.
[    0.004000] 	RCU restricting CPUs from NR_CPUS=8192 to nr_cpu_ids=2.
[    0.004000] 	Tasks RCU enabled.
[    0.004000] RCU: Adjusting geometry for rcu_fanout_leaf=16, nr_cpu_ids=2
[    0.004000] NR_IRQS: 524544, nr_irqs: 440, preallocated irqs: 16
[    0.004000] Console: colour VGA+ 80x25
[    0.004000] console [tty1] enabled
[    0.004000] console [ttyS0] enabled
[    0.004000] ACPI: Core revision 20170831
[    0.004000] ACPI: 2 ACPI AML tables successfully acquired and loaded
[    0.004000] APIC: Switch to symmetric I/O mode setup
[    0.004000] x2apic enabled
[    0.004000] Switched APIC routing to physical x2apic.
[    0.004000] ..TIMER: vector=0x30 apic1=0 pin1=2 apic2=-1 pin2=-1
[    0.004004] tsc: Detected 2495.998 MHz processor
[    0.005993] Calibrating delay loop (skipped) preset value.. 4991.99 BogoMIPS (lpj=9983992)
[    0.008003] pid_max: default: 32768 minimum: 301
[    0.009750] Security Framework initialized
[    0.012006] Yama: becoming mindful.
[    0.013255] AppArmor: AppArmor initialized
[    0.017812] Dentry cache hash table entries: 262144 (order: 9, 2097152 bytes)
[    0.021469] Inode-cache hash table entries: 131072 (order: 8, 1048576 bytes)
[    0.024019] Mount-cache hash table entries: 4096 (order: 3, 32768 bytes)
[    0.026230] Mountpoint-cache hash table entries: 4096 (order: 3, 32768 bytes)
[    0.028229] Last level iTLB entries: 4KB 64, 2MB 8, 4MB 8
[    0.029304] Last level dTLB entries: 4KB 64, 2MB 0, 4MB 0, 1GB 4
[    0.030395] Spectre V1 : Mitigation: usercopy/swapgs barriers and __user pointer sanitization
[    0.032002] Spectre V2 : Mitigation: Full generic retpoline
[    0.033119] Spectre V2 : Spectre v2 / SpectreRSB mitigation: Filling RSB on context switch
[    0.036004] Speculative Store Bypass: Vulnerable
[    0.037774] SRBDS: Unknown: Dependent on hypervisor status
[    0.040005] MDS: Mitigation: Clear CPU buffers
[    0.041446] Freeing SMP alternatives memory: 36K
[    0.153993] smpboot: CPU0: Intel(R) Core(TM) i7-7660U CPU @ 2.50GHz (family: 0x6, model: 0x8e, stepping: 0x9)
[    0.156114] Performance Events: unsupported p6 CPU model 142 no PMU driver, software events only.
[    0.159320] Hierarchical SRCU implementation.
[    0.160614] NMI watchdog: Perf event create on CPU 0 failed with -2
[    0.161748] NMI watchdog: Perf NMI watchdog permanently disabled
[    0.164035] smp: Bringing up secondary CPUs ...
[    0.164985] x86: Booting SMP configuration:
[    0.165765] .... node  #0, CPUs:      #1
[    0.004000] kvm-clock: cpu 1, msr 0:5ff44041, secondary cpu clock
[    0.170184] smp: Brought up 1 node, 2 CPUs
[    0.170184] smpboot: Max logical packages: 1
[    0.172007] smpboot: Total of 2 processors activated (9983.99 BogoMIPS)
[    0.173323] devtmpfs: initialized
[    0.173323] x86/mm: Memory block size: 128MB
[    0.173622] evm: security.selinux
[    0.176003] evm: security.SMACK64
[    0.176641] evm: security.SMACK64EXEC
[    0.177333] evm: security.SMACK64TRANSMUTE
[    0.178221] evm: security.SMACK64MMAP
[    0.178934] evm: security.apparmor
[    0.179579] evm: security.ima
[    0.180002] evm: security.capability
[    0.180813] clocksource: jiffies: mask: 0xffffffff max_cycles: 0xffffffff, max_idle_ns: 7645041785100000 ns
[    0.182283] futex hash table entries: 512 (order: 3, 32768 bytes)
[    0.184041] pinctrl core: initialized pinctrl subsystem
[    0.185079] RTC time:  9:13:55, date: 02/15/21
[    0.186500] NET: Registered protocol family 16
[    0.188057] audit: initializing netlink subsys (disabled)
[    0.189052] audit: type=2000 audit(1613380441.943:1): state=initialized audit_enabled=0 res=1
[    0.189052] cpuidle: using governor ladder
[    0.192011] cpuidle: using governor menu
[    0.192787] ACPI: bus type PCI registered
[    0.193573] acpiphp: ACPI Hot Plug PCI Controller Driver version: 0.5
[    0.196019] PCI: Using configuration type 1 for base access
[    0.197472] HugeTLB registered 2.00 MiB page size, pre-allocated 0 pages
[    0.200178] ACPI: Added _OSI(Module Device)
[    0.201684] ACPI: Added _OSI(Processor Device)
[    0.204003] ACPI: Added _OSI(3.0 _SCP Extensions)
[    0.204920] ACPI: Added _OSI(Processor Aggregator Device)
[    0.205895] ACPI: Added _OSI(Linux-Dell-Video)
[    0.206812] ACPI: Added _OSI(Linux-Lenovo-NV-HDMI-Audio)
[    0.207764] ACPI: Added _OSI(Linux-HPI-Hybrid-Graphics)
[    0.208342] ACPI: Executed 1 blocks of module-level executable AML code
[    0.214068] ACPI: Interpreter enabled
[    0.215164] ACPI: (supports S0 S5)
[    0.216002] ACPI: Using IOAPIC for interrupt routing
[    0.217409] PCI: Using host bridge windows from ACPI; if necessary, use "pci=nocrs" and report a bug
[    0.219503] ACPI: Enabled 2 GPEs in block 00 to 07
[    0.226794] ACPI: PCI Root Bridge [PCI0] (domain 0000 [bus 00-ff])
[    0.228006] acpi PNP0A03:00: _OSC: OS supports [ASPM ClockPM Segments MSI]
[    0.229562] acpi PNP0A03:00: _OSC: not requesting OS control; OS requires [ExtendedConfig ASPM ClockPM MSI]
[    0.231295] acpi PNP0A03:00: fail to add MMCONFIG information, can't access extended PCI configuration space under this bridge.
[    0.232431] PCI host bridge to bus 0000:00
[    0.233208] pci_bus 0000:00: root bus resource [io  0x0000-0x0cf7 window]
[    0.236007] pci_bus 0000:00: root bus resource [io  0x0d00-0xffff window]
[    0.237275] pci_bus 0000:00: root bus resource [mem 0x000a0000-0x000bffff window]
[    0.238636] pci_bus 0000:00: root bus resource [mem 0x60000000-0xfdffffff window]
[    0.240002] pci_bus 0000:00: root bus resource [bus 00-ff]
[    0.244689] pci 0000:00:01.1: legacy IDE quirk: reg 0x10: [io  0x01f0-0x01f7]
[    0.246639] pci 0000:00:01.1: legacy IDE quirk: reg 0x14: [io  0x03f6]
[    0.247947] pci 0000:00:01.1: legacy IDE quirk: reg 0x18: [io  0x0170-0x0177]
[    0.248002] pci 0000:00:01.1: legacy IDE quirk: reg 0x1c: [io  0x0376]
[    0.266586] pci 0000:00:07.0: quirk: [io  0x4000-0x403f] claimed by PIIX4 ACPI
[    0.268018] pci 0000:00:07.0: quirk: [io  0x4100-0x410f] claimed by PIIX4 SMB
[    0.276992] ACPI: PCI Interrupt Link [LNKA] (IRQs 5 9 10 *11)
[    0.278795] ACPI: PCI Interrupt Link [LNKB] (IRQs 5 9 *10 11)
[    0.279941] ACPI: PCI Interrupt Link [LNKC] (IRQs 5 *9 10 11)
[    0.280114] ACPI: PCI Interrupt Link [LNKD] (IRQs 5 9 10 *11)
[    0.282008] SCSI subsystem initialized
[    0.284028] pci 0000:00:02.0: vgaarb: setting as boot VGA device
[    0.285115] pci 0000:00:02.0: vgaarb: VGA device added: decodes=io+mem,owns=io+mem,locks=none
[    0.287134] pci 0000:00:02.0: vgaarb: bridge control possible
[    0.288011] vgaarb: loaded
[    0.292047] ACPI: bus type USB registered
[    0.293178] usbcore: registered new interface driver usbfs
[    0.294892] usbcore: registered new interface driver hub
[    0.296019] usbcore: registered new device driver usb
[    0.296996] EDAC MC: Ver: 3.0.0
[    0.296996] PCI: Using ACPI for IRQ routing
[    0.297101] NetLabel: Initializing
[    0.300006] NetLabel:  domain hash size = 128
[    0.300854] NetLabel:  protocols = UNLABELED CIPSOv4 CALIPSO
[    0.301883] NetLabel:  unlabeled traffic allowed by default
[    0.304075] clocksource: Switched to clocksource kvm-clock
[    0.317779] VFS: Disk quotas dquot_6.6.0
[    0.319206] VFS: Dquot-cache hash table entries: 512 (order 0, 4096 bytes)
[    0.320525] AppArmor: AppArmor Filesystem Enabled
[    0.321410] pnp: PnP ACPI init
[    0.323238] pnp: PnP ACPI: found 3 devices
[    0.334183] clocksource: acpi_pm: mask: 0xffffff max_cycles: 0xffffff, max_idle_ns: 2085701024 ns
[    0.336000] NET: Registered protocol family 2
[    0.337009] TCP established hash table entries: 16384 (order: 5, 131072 bytes)
[    0.338509] TCP bind hash table entries: 16384 (order: 6, 262144 bytes)
[    0.339713] TCP: Hash tables configured (established 16384 bind 16384)
[    0.342068] UDP hash table entries: 1024 (order: 3, 32768 bytes)
[    0.343310] UDP-Lite hash table entries: 1024 (order: 3, 32768 bytes)
[    0.344520] NET: Registered protocol family 1
[    0.345332] pci 0000:00:00.0: Limiting direct PCI/PCI transfers
[    0.346411] pci 0000:00:01.0: Activating ISA DMA hang workarounds
[    0.347654] pci 0000:00:02.0: Video device with shadowed ROM at [mem 0x000c0000-0x000dffff]
[    0.349827] Unpacking initramfs...
[    0.627670] Freeing initrd memory: 19772K
[    0.632394] clocksource: tsc: mask: 0xffffffffffffffff max_cycles: 0x23fa754787d, max_idle_ns: 440795210092 ns
[    0.635342] platform rtc_cmos: registered platform RTC device (no PNP device found)
[    0.637610] Scanning for low memory corruption every 60 seconds
[    0.639302] Initialise system trusted keyrings
[    0.640807] Key type blacklist registered
[    0.641643] workingset: timestamp_bits=36 max_order=19 bucket_order=0
[    0.645423] zbud: loaded
[    0.646555] squashfs: version 4.0 (2009/01/31) Phillip Lougher
[    0.648271] fuse init (API version 7.26)
[    0.652559] Key type asymmetric registered
[    0.653343] Asymmetric key parser 'x509' registered
[    0.654254] Block layer SCSI generic (bsg) driver version 0.4 loaded (major 246)
[    0.655634] io scheduler noop registered
[    0.656396] io scheduler deadline registered
[    0.657199] io scheduler cfq registered (default)
[    0.658917] ACPI: AC Adapter [AC] (on-line)
[    0.660003] input: Power Button as /devices/LNXSYSTM:00/LNXPWRBN:00/input/input0
[    0.662904] ACPI: Power Button [PWRF]
[    0.663803] input: Sleep Button as /devices/LNXSYSTM:00/LNXSLPBN:00/input/input1
[    0.665194] ACPI: Sleep Button [SLPF]
[    0.667270] ACPI: Battery Slot [BAT0] (battery present)
[    0.669721] Serial: 8250/16550 driver, 32 ports, IRQ sharing enabled
[    0.693992] 00:02: ttyS0 at I/O 0x3f8 (irq = 4, base_baud = 115200) is a 16550A
[    0.700461] Linux agpgart interface v0.103
[    0.703347] loop: module loaded
[    0.704681] scsi host0: ata_piix
[    0.706096] scsi host1: ata_piix
[    0.707120] ata1: PATA max UDMA/33 cmd 0x1f0 ctl 0x3f6 bmdma 0xd000 irq 14
[    0.708379] ata2: PATA max UDMA/33 cmd 0x170 ctl 0x376 bmdma 0xd008 irq 15
[    0.711053] libphy: Fixed MDIO Bus: probed
[    0.712114] tun: Universal TUN/TAP device driver, 1.6
[    0.713284] PPP generic driver version 2.4.2
[    0.714293] ehci_hcd: USB 2.0 'Enhanced' Host Controller (EHCI) Driver
[    0.715462] ehci-pci: EHCI PCI platform driver
[    0.716697] ehci-platform: EHCI generic platform driver
[    0.718019] ohci_hcd: USB 1.1 'Open' Host Controller (OHCI) Driver
[    0.719552] ohci-pci: OHCI PCI platform driver
[    0.720880] ohci-platform: OHCI generic platform driver
[    0.722200] uhci_hcd: USB Universal Host Controller Interface driver
[    0.723430] i8042: PNP: PS/2 Controller [PNP0303:PS2K,PNP0f03:PS2M] at 0x60,0x64 irq 1,12
[    0.726232] serio: i8042 KBD port at 0x60,0x64 irq 1
[    0.727164] serio: i8042 AUX port at 0x60,0x64 irq 12
[    0.728849] mousedev: PS/2 mouse device common for all mice
[    0.731058] input: AT Translated Set 2 keyboard as /devices/platform/i8042/serio0/input/input2
[    0.733206] rtc_cmos rtc_cmos: rtc core: registered rtc_cmos as rtc0
[    0.734601] rtc_cmos rtc_cmos: alarms up to one day, 114 bytes nvram
[    0.735736] i2c /dev entries driver
[    0.736478] device-mapper: uevent: version 1.0.3
[    0.737400] device-mapper: ioctl: 4.37.0-ioctl (2017-09-20) initialised: dm-devel@redhat.com
[    0.738960] ledtrig-cpu: registered to indicate activity on CPUs
[    0.740512] NET: Registered protocol family 10
[    0.744562] Segment Routing with IPv6
[    0.746168] NET: Registered protocol family 17
[    0.747166] Key type dns_resolver registered
[    0.748333] mce: Using 0 MCE banks
[    0.749552] RAS: Correctable Errors collector initialized.
[    0.750550] sched_clock: Marking stable (748313748, 0)->(934433105, -186119357)
[    0.752665] registered taskstats version 1
[    0.753880] Loading compiled-in X.509 certificates
[    0.759498] Loaded X.509 cert 'Build time autogenerated kernel key: 399a566a2ea98257ce6f7132c633527e9761cd56'
[    0.761713] zswap: loaded using pool lzo/zbud
[    0.765961] Key type big_key registered
[    0.766745] Key type trusted registered
[    0.769592] Key type encrypted registered
[    0.770841] AppArmor: AppArmor sha1 policy hashing enabled
[    0.772253] ima: No TPM chip found, activating TPM-bypass! (rc=-19)
[    0.773749] ima: Allocated hash algorithm: sha1
[    0.774620] evm: HMAC attrs: 0x1
[    0.775507]   Magic number: 9:223:222
[    0.776301] rtc_cmos rtc_cmos: setting system clock to 2021-02-15 09:13:56 UTC (1613380436)
[    0.777907] BIOS EDD facility v0.16 2004-Jun-25, 0 devices found
[    0.779651] EDD information not available.
[    0.903523] Freeing unused kernel image memory: 2440K
[    0.920867] Write protecting the kernel read-only data: 20480k
[    0.923076] Freeing unused kernel image memory: 2008K
[    0.924322] Freeing unused kernel image memory: 1868K
[    0.935560] x86/mm: Checked W+X mappings: passed, no W+X pages found.
[    0.937874] x86/mm: Checking user space page tables
[    0.944931] x86/mm: Checked W+X mappings: passed, no W+X pages found.
Loading, please wait...
starting version 237
[    1.022494] e1000: Intel(R) PRO/1000 Network Driver - version 7.3.21-k8-NAPI
[    1.023882] e1000: Copyright (c) 1999-2006 Intel Corporation.
[    1.043986] Fusion MPT base driver 3.04.20
[    1.044832] Copyright (c) 1999-2008 LSI Corporation
[    1.050836] Fusion MPT SPI Host driver 3.04.20
[    1.056470] mptbase: ioc0: Initiating bringup
[    1.063059] AVX2 version of gcm_enc/dec engaged.
[    1.064738] AES CTR mode by8 optimization enabled
[    1.067211] vboxvideo: loading out-of-tree module taints kernel.
[    1.072693] vboxvideo: module verification failed: signature and/or required key missing - tainting kernel
[    1.165090] ioc0: LSI53C1030 A0: Capabilities={Initiator}
[    1.259215] input: ImExPS/2 Generic Explorer Mouse as /devices/platform/i8042/serio1/input/input4
[    1.415862] scsi host2: ioc0: LSI53C1030 A0, FwRev=00000000h, Ports=1, MaxQ=256, IRQ=20
[    1.584982] scsi 2:0:0:0: Direct-Access     VBOX     HARDDISK         1.0  PQ: 0 ANSI: 5
[    1.608040] scsi target2:0:0: Beginning Domain Validation
[    1.617103] scsi target2:0:0: Domain Validation skipping write tests
[    1.619084] scsi target2:0:0: Ending Domain Validation
[    1.620446] scsi target2:0:0: asynchronous
[    1.621794] scsi 2:0:1:0: Direct-Access     VBOX     HARDDISK         1.0  PQ: 0 ANSI: 5
[    1.944256] scsi target2:0:1: Beginning Domain Validation
[    1.947121] random: fast init done
[    1.948670] scsi target2:0:1: Domain Validation skipping write tests
[    1.950356] scsi target2:0:1: Ending Domain Validation
[    1.977105] scsi target2:0:1: asynchronous
[    1.990849] random: systemd-udevd: uninitialized urandom read (16 bytes read)
[    1.990915] sd 2:0:0:0: Attached scsi generic sg0 type 0
[    1.992452] random: systemd-udevd: uninitialized urandom read (16 bytes read)
[    1.994051] sd 2:0:1:0: Attached scsi generic sg1 type 0
[    1.995900] random: systemd-udevd: uninitialized urandom read (16 bytes read)
[    1.998803] sd 2:0:0:0: [sda] 20971520 512-byte logical blocks: (10.7 GB/10.0 GiB)
[    2.000534] sd 2:0:1:0: [sdb] 20480 512-byte logical blocks: (10.5 MB/10.0 MiB)
[    2.001944] sd 2:0:0:0: [sda] Write Protect is off
[    2.003134] sd 2:0:1:0: [sdb] Write Protect is off
[    2.004440] sd 2:0:0:0: [sda] Incomplete mode parameter data
[    2.006700] sd 2:0:0:0: [sda] Assuming drive cache: write through
[    2.007999] sd 2:0:1:0: [sdb] Incomplete mode parameter data
[    2.009885] sd 2:0:1:0: [sdb] Assuming drive cache: write through
[    2.013732]  sda: sda1
[    2.015904] sd 2:0:0:0: [sda] Attached SCSI disk
[    2.016875] e1000 0000:00:03.0 eth0: (PCI:33MHz:32-bit) 02:b7:91:53:ac:49
[    2.018505] e1000 0000:00:03.0 eth0: Intel(R) PRO/1000 Network Connection
[    2.020863] [drm] VRAM 01000000
[    2.021451] e1000 0000:00:03.0 enp0s3: renamed from eth0
[    2.022132] [TTM] Zone  kernel: Available graphics memory: 762346 kiB
[    2.024217] [TTM] Initializing pool allocator
[    2.025142] [TTM] Initializing DMA pool allocator
[    2.027058] sd 2:0:1:0: [sdb] Attached SCSI disk
[    2.034252] fbcon: vboxdrmfb (fb0) is primary device
[    2.036743] Console: switching to colour frame buffer device 100x37
[    2.040217] vboxvideo 0000:00:02.0: fb0: vboxdrmfb frame buffer device
[    2.056233] [drm] Initialized vboxvideo 1.0.0 20130823 for 0000:00:02.0 on minor 0
Begin: Loading essential drivers ... [    2.208092] raid6: sse2x1   gen() 12696 MB/s
[    2.256420] raid6: sse2x1   xor()  8811 MB/s
[    2.304073] raid6: sse2x2   gen() 15348 MB/s
[    2.352186] raid6: sse2x2   xor()  6493 MB/s
[    2.400095] raid6: sse2x4   gen() 10015 MB/s
[    2.448339] raid6: sse2x4   xor() 10389 MB/s
[    2.496612] raid6: avx2x1   gen() 23402 MB/s
[    2.548877] raid6: avx2x1   xor() 18063 MB/s
[    2.596193] raid6: avx2x2   gen() 29538 MB/s
[    2.646806] raid6: avx2x2   xor() 20571 MB/s
[    2.696061] raid6: avx2x4   gen() 36628 MB/s
[    2.744185] raid6: avx2x4   xor() 20645 MB/s
[    2.745489] raid6: using algorithm avx2x4 gen() 36628 MB/s
[    2.747025] raid6: .... xor() 20645 MB/s, rmw enabled
[    2.748603] raid6: using avx2x2 recovery algorithm
[    2.750779] xor: automatically using best checksumming function   avx       
[    2.753210] async_tx: api initialized (async)
done.
Begin: Running /scripts/init-premount ... done.
Begin: Mounting root file system ... Begin: Running /scripts/local-top ... done.
Begin: Running /scripts/local-premount ... [    2.793175] Btrfs loaded, crc32c=crc32c-intel
Scanning for Btrfs filesystems
done.
Warning: fsck not present, so skipping root file system
[    2.821071] EXT4-fs (sda1): mounted filesystem with ordered data mode. Opts: (null)
done.
Begin: Running /scripts/local-bottom ... done.
Begin: Running /scripts/init-bottom ... done.
[    3.047555] ip_tables: (C) 2000-2006 Netfilter Core Team
[    3.059709] systemd[1]: systemd 237 running in system mode. (+PAM +AUDIT +SELINUX +IMA +APPARMOR +SMACK +SYSVINIT +UTMP +LIBCRYPTSETUP +GCRYPT +GNUTLS +ACL +XZ +LZ4 +SECCOMP +BLKID +ELFUTILS +KMOD -IDN2 +IDN -PCRE2 default-hierarchy=hybrid)
[    3.063819] systemd[1]: Detected virtualization oracle.
[    3.064983] systemd[1]: Detected architecture x86-64.

Welcome to [1mUbuntu 18.04.2 LTS[0m!

[    3.072344] systemd[1]: Set hostname to <ubuntu-bionic>.
[    3.418421] systemd[1]: Reached target Swap.
[[0;32m  OK  [0m] Reached target Swap.
[    3.421755] systemd[1]: Created slice System Slice.
[[0;32m  OK  [0m] Created slice System Slice.
[    3.423996] systemd[1]: Listening on LVM2 metadata daemon socket.
[[0;32m  OK  [0m] Listening on LVM2 metadata daemon socket.
[    3.426271] systemd[1]: Listening on udev Control Socket.
[[0;32m  OK  [0m] Listening on udev Control Socket.
[    3.429250] systemd[1]: Created slice system-postgresql.slice.
[[0;32m  OK  [0m] Created slice system-postgresql.slice.
[    3.650370] systemd[1]: Listening on Journal Audit Socket.
[[0;32m  OK  [0m] Listening on Journal Audit Socket.
[[0;32m  OK  [0m] Listening on Journal Socket (/dev/log).
[[0;32m  OK  [0m] Reached target User and Group Name Lookups.
[[0;32m  OK  [0m] Created slice User and Session Slice.
[[0;32m  OK  [0m] Reached target Slices.
[[0;32m  OK  [0m] Reached target System Time Synchronized.
[[0;32m  OK  [0m] Listening on /dev/initctl Compatibility Named Pipe.
[[0;32m  OK  [0m] Listening on LVM2 poll daemon socket.
[[0;32m  OK  [0m] Listening on Network Service Netlink Socket.
[[0;32m  OK  [0m] Created slice system-serial\x2dgetty.slice.
[[0;32m  OK  [0m] Listening on Syslog Socket.
[[0;32m  OK  [0m] Listening on Journal Socket.
         Starting Uncomplicated firewall...
         Starting Remount Root and Kernel File Systems...
         Mounting POSIX Message Queue File System...
         Mounting Kernel Debug File System...
         Starting Create list of required stâ€¦ce nodes for the current kernel...
         Mounting Huge Pages File System...
         Starting Journal Service...
         Starting Set the console keyboard layout...[    3.694326] EXT4-fs (sda1): re-mounted. Opts: (null)

[[0;32m  OK  [0m] Listening on udev Kernel Socket.
         Starting udev Coldplug all Devices...
[[0;32m  OK  [0m] Set up automount Arbitrary Executabâ€¦rmats File System Automount Point.
[[0;32m  OK  [0m] Listening on Device-mapper event daemon FIFOs.
         Starting Monitoring of LVM2 mirrorsâ€¦ng dmeventd or progress polling...
         Starting Load Kernel Modules...
[[0;32m  OK  [0m] Started Forward Password Requests to Wall Directory Watch.
[[0;32m  OK  [0m] Started Uncomplicated firewall.
[[0;32m  OK  [0m] Started Remount Root and Kernel File Systems.
[[0;32m  OK  [0m] Mounted POSIX Message Queue File System.
[[0;32m  OK  [0m] Mounted Kernel Debug File System.
[[0;32m  OK  [0m] Started Create list of required staâ€¦vice nodes for the current kernel.
[[0;32m  OK  [0m] Mounted Huge Pages File System.
         Starting Create Static Device Nodes in /dev...
[    3.781339] Loading iSCSI transport class v2.0-870.
[    3.789407] iscsi: registered transport (tcp)
         Starting Initial cloud-init job (pre-networking)...
         Starting Load/Save Random Seed...
[[0;32m  OK  [0m] Started Journal Service.
[[0;32m  OK  [0m] Started udev Coldplug all Devices.
[[0;32m  OK  [0m] Started Create Static Device Nodes in /dev.
[[0;32m  OK  [0m] Started LVM2 metadata daemon.
         Starting udev Kernel Device Manager...
         Starting Flush Journal to Persistent Storage...
[    3.849155] iscsi: registered transport (iser)
[[0;32m  OK  [0m] Started Load Kernel Modules.
         Mounting Kernel Configuration File System...
         Mounting FUSE Control File System...
         Starting Apply Kernel Variables...
[[0;32m  OK  [0m] Mounted Kernel Configuration File System.
[[0;32m  OK  [0m] Mounted FUSE Control File System.
[[0;32m  OK  [0m] Started Load/Save Random Seed.
[[0;32m  OK  [0m] Started udev Kernel Device Manager.
[    3.965826] systemd-journald[398]: Received request to flush runtime journal from PID 1
[[0;32m  OK  [0m] Started Set the console keyboard layout.
[[0;32m  OK  [0m] Started Dispatch Password Requests to Console Directory Watch.
[[0;32m  OK  [0m] Reached target Local Encrypted Volumes.
[[0;32m  OK  [0m] Started Monitoring of LVM2 mirrors,â€¦sing dmeventd or progress polling.
[[0;32m  OK  [0m] Reached target Local File Systems (Pre).
         Mounting Mount unit for heroku, revision 4017...
         Mounting Mount unit for heroku, revision 4010...
[[0;32m  OK  [0m] Reached target Local File Systems.
         Starting ebtables ruleset management...
         Starting AppArmor initialization...
         Starting Set console font and keymap...
         Starting Tell Plymouth To Write Out Runtime Data...
         Mounting Mount unit for core, revision 10823...
         Mounting Mount unit for core, revision 10583...
         Mounting /vagrant...
[[0;32m  OK  [0m] Started Apply Kernel Variables.
[[0;32m  OK  [0m] Started Set console font and keymap.
[[0;32m  OK  [0m] Started Tell Plymouth To Write Out Runtime Data.
[[0;32m  OK  [0m] Mounted Mount unit for heroku, revision 4017.
[[0;32m  OK  [0m] Mounted Mount unit for core, revision 10823.
[[0;32m  OK  [0m] Mounted Mount unit for core, revision 10583.
[[0;32m  OK  [0m] Mounted Mount unit for heroku, revision 4010.
[[0;32m  OK  [0m] Found device /dev/ttyS0.
[[0;32m  OK  [0m] Mounted /vagrant.
[[0;32m  OK  [0m] Listening on Load/Save RF Kill Switch Status /dev/rfkill Watch.
[[0;32m  OK  [0m] Started ebtables ruleset management.
[[0;32m  OK  [0m] Started Flush Journal to Persistent Storage.
         Starting Create Volatile Files and Directories...
[[0;32m  OK  [0m] Started Create Volatile Files and Directories.
         Starting Update UTMP about System Boot/Shutdown...
[[0;32m  OK  [0m] Started Update UTMP about System Boot/Shutdown.
[[0;32m  OK  [0m] Started AppArmor initialization.
         Starting Load AppArmor profiles managed internally by snapd...
[[0;32m  OK  [0m] Started Load AppArmor profiles managed internally by snapd.
[    6.052654] cloud-init[414]: Cloud-init v. 18.5-45-g3554ffe8-0ubuntu1~18.04.1 running 'init-local' at Mon, 15 Feb 2021 09:14:01 +0000. Up 5.83 seconds.
[[0;32m  OK  [0m] Started Initial cloud-init job (pre-networking).
[[0;32m  OK  [0m] Reached target Network (Pre).
         Starting Network Service...
[[0;32m  OK  [0m] Started Network Service.
         Starting Wait for Network to be Configured...
         Starting Network Name Resolution...
[[0;32m  OK  [0m] Started Network Name Resolution.
[[0;32m  OK  [0m] Reached target Network.
[[0;32m  OK  [0m] Reached target Host and Network Name Lookups.
[[0;32m  OK  [0m] Started Wait for Network to be Configured.
         Starting Initial cloud-init job (metadata service crawler)...
[    7.742999] cloud-init[770]: Cloud-init v. 18.5-45-g3554ffe8-0ubuntu1~18.04.1 running 'init' at Mon, 15 Feb 2021 09:14:03 +0000. Up 7.62 seconds.
[    7.745666] cloud-init[770]: ci-info: ++++++++++++++++++++++++++++++++++++++Net device info++++++++++++++++++++++++++++++++++++++
[    7.747007] cloud-init[770]: ci-info: +--------+------+----------------------------+---------------+--------+-------------------+
[    7.748975] cloud-init[770]: ci-info: | Device |  Up  |          Address           |      Mask     | Scope  |     Hw-Address    |
[    7.750975] cloud-init[770]: ci-info: +--------+------+----------------------------+---------------+--------+-------------------+
[    7.752489] cloud-init[770]: ci-info: | enp0s3 | True |         10.0.2.15          | 255.255.255.0 | global | 02:b7:91:53:ac:49 |
[    7.754071] cloud-init[770]: ci-info: | enp0s3 | True | fe80::b7:91ff:fe53:ac49/64 |       .       |  link  | 02:b7:91:53:ac:49 |
[    7.756033] cloud-init[770]: ci-info: |   lo   | True |         127.0.0.1          |   255.0.0.0   |  host  |         .         |
[    7.758185] cloud-init[770]: ci-info: |   lo   | True |          ::1/128           |       .       |  host  |         .         |
[    7.760020] cloud-init[770]: ci-info: +--------+------+----------------------------+---------------+--------+-------------------+
[    7.761812] cloud-init[770]: ci-info: ++++++++++++++++++++++++++++Route IPv4 info+++++++++++++++++++++++++++++
[    7.763266] cloud-init[770]: ci-info: +-------+-------------+----------+-----------------+-----------+-------+
[    7.764790] cloud-init[770]: ci-info: | Route | Destination | Gateway  |     Genmask     | Interface | Flags |
[    7.766844] cloud-init[770]: ci-info: +-------+-------------+----------+-----------------+-----------+-------+
[    7.768891] cloud-init[770]: ci-info: |   0   |   0.0.0.0   | 10.0.2.2 |     0.0.0.0     |   enp0s3  |   UG  |
[    7.770500] cloud-init[770]: ci-info: |   1   |   10.0.2.0  | 0.0.0.0  |  255.255.255.0  |   enp0s3  |   U   |
[    7.771910] cloud-init[770]: ci-info: |   2   |   10.0.2.2  | 0.0.0.0  | 255.255.255.255 |   enp0s3  |   UH  |
[    7.773257] cloud-init[770]: ci-info: +-------+-------------+----------+-----------------+-----------+-------+
[    7.774538] cloud-init[770]: ci-info: +++++++++++++++++++Route IPv6 info+++++++++++++++++++
[    7.775462] cloud-init[770]: ci-info: +-------+-------------+---------+-----------+-------+
[    7.776999] cloud-init[770]: ci-info: | Route | Destination | Gateway | Interface | Flags |
[    7.778244] cloud-init[770]: ci-info: +-------+-------------+---------+-----------+-------+
[    7.779564] cloud-init[770]: ci-info: |   1   |  fe80::/64  |    ::   |   enp0s3  |   U   |
[    7.780867] cloud-init[770]: ci-info: |   3   |    local    |    ::   |   enp0s3  |   U   |
[    7.781802] cloud-init[770]: ci-info: |   4   |   ff00::/8  |    ::   |   enp0s3  |   U   |
[    7.783776] cloud-init[770]: ci-info: +-------+-------------+---------+-----------+-------+
[[0;32m  OK  [0m] Started Initial cloud-init job (metadata service crawler).
[[0;32m  OK  [0m] Reached target Cloud-config availability.
[[0;32m  OK  [0m] Reached target System Initialization.
[[0;32m  OK  [0m] Started Message of the Day.
[[0;32m  OK  [0m] Started Daily Cleanup of Temporary Directories.
         Starting LXD - unix socket.
[[0;32m  OK  [0m] Listening on ACPID Listen Socket.
         Starting Socket activation for snappy daemon.
[[0;32m  OK  [0m] Listening on D-Bus System Message Bus Socket.
[[0;32m  OK  [0m] Started ACPI Events Check.
[[0;32m  OK  [0m] Listening on Open-iSCSI iscsid Socket.
[[0;32m  OK  [0m] Reached target Paths.
[[0;32m  OK  [0m] Listening on UUID daemon activation socket.
[[0;32m  OK  [0m] Started Daily apt download activities.
[[0;32m  OK  [0m] Started Daily apt upgrade and clean activities.
[[0;32m  OK  [0m] Started Discard unused blocks once a week.
[[0;32m  OK  [0m] Reached target Timers.
[[0;32m  OK  [0m] Reached target Network is Online.
[[0;32m  OK  [0m] Reached target Remote File Systems (Pre).
[[0;32m  OK  [0m] Reached target Remote File Systems.
         Starting Availability of block devices...
[[0;32m  OK  [0m] Listening on LXD - unix socket.
[[0;32m  OK  [0m] Listening on Socket activation for snappy daemon.
[[0;32m  OK  [0m] Started Availability of block devices.
[[0;32m  OK  [0m] Reached target Sockets.
[[0;32m  OK  [0m] Reached target Basic System.
[[0;32m  OK  [0m] Started Deferred execution scheduler.
         Starting PostgreSQL Cluster 9.5-main...
[[0;32m  OK  [0m] Started FUSE filesystem for LXC.
         Starting vboxadd.service...
[[0;32m  OK  [0m] Started D-Bus System Message Bus.
         Starting OpenBSD Secure Shell server...
         Starting LSB: automatic crash report generation...
         Starting MySQL Community Server...
         Starting Dispatcher daemon for systemd-networkd...
         Starting Resets System Activity Data Collector...
[[0;32m  OK  [0m] Started irqbalance daemon.
         Starting LXD - container startup/shutdown...
         Starting System Logging Service...
         Starting Accounts Service...
[[0;32m  OK  [0m] Started Regular background program processing daemon.
         Starting Permit User Sessions...
         Starting Snap Daemon...
         Starting Login Service...
         Starting LSB: Record successful boot for GRUB...
[[0;32m  OK  [0m] Started Resets System Activity Data Collector.
[[0;32m  OK  [0m] Started OpenBSD Secure Shell server.
[[0;32m  OK  [0m] Started Permit User Sessions.
         Starting Terminate Plymouth Boot Screen...
         Starting Hold until boot process finishes up...
[[0;32m  OK  [0m] Started Hold until boot process finishes up.
[[0;32m  OK  [0m] Started Serial Getty on ttyS0.
         Starting Set console scheme...
[[0;32m  OK  [0m] Started Terminate Plymouth Boot Screen.
[[0;32m  OK  [0m] Started System Logging Service.
[[0;32m  OK  [0m] Started Login Service.
[[0;32m  OK  [0m] Started Unattended Upgrades Shutdown.
         Starting Authorization Manager...
[[0;32m  OK  [0m] Started LSB: automatic crash report generation.
[[0;32m  OK  [0m] Started Set console scheme.
[[0;32m  OK  [0m] Started LSB: Record successful boot for GRUB.
[[0;32m  OK  [0m] Created slice system-getty.slice.
[[0;32m  OK  [0m] Started Getty on tty1.
[[0;32m  OK  [0m] Reached target Login Prompts.
[[0;32m  OK  [0m] Started Authorization Manager.
[[0;32m  OK  [0m] Started Accounts Service.
[[0;32m  OK  [0m] Started Dispatcher daemon for systemd-networkd.
[[0;32m  OK  [0m] Started LXD - container startup/shutdown.
[[0;32m  OK  [0m] Started Snap Daemon.
         Starting Wait until snapd is fully seeded...
[[0;32m  OK  [0m] Started Wait until snapd is fully seeded.
         Starting Apply the settings specified in cloud-config...
[[0;32m  OK  [0m] Started MySQL Community Server.
[   11.748176] cloud-init[1274]: Cloud-init v. 18.5-45-g3554ffe8-0ubuntu1~18.04.1 running 'modules:config' at Mon, 15 Feb 2021 09:14:07 +0000. Up 11.59 seconds.
[[0;32m  OK  [0m] Created slice User Slice of vagrant.
[[0;32m  OK  [0m] Started Apply the settings specified in cloud-config.
[[0;32m  OK  [0m] Started Session 1 of user vagrant.
         Starting User Manager for UID 1000...
[[0;32m  OK  [0m] Started User Manager for UID 1000.
[[0;32m  OK  [0m] Started vboxadd.service.
         Starting vboxadd-service.service...
[[0;32m  OK  [0m] Started vboxadd-service.service.
[   14.546288] cloud-init[1723]: Cloud-init v. 18.5-45-g3554ffe8-0ubuntu1~18.04.1 running 'modules:final' at Mon, 15 Feb 2021 09:14:10 +0000. Up 14.43 seconds.
[   14.546567] cloud-init[1723]: Cloud-init v. 18.5-45-g3554ffe8-0ubuntu1~18.04.1 finished at Mon, 15 Feb 2021 09:14:10 +0000. Datasource DataSourceNoCloud [seed=/dev/sdb][dsmode=net].  Up 14.53 seconds

Ubuntu 18.04.2 LTS ubuntu-bionic ttyS0

ubuntu-bionic login: 